Archive member included to satisfy reference by file (symbol)

/usr/local/gcc-arm-none-eabi-5_2-2015q4/bin/../lib/gcc/arm-none-eabi/5.2.1/../../../../arm-none-eabi/lib/armv7-m/libg.a(lib_a-errno.o)
                              ./system/src/newlib/_sbrk.o (__errno)
/usr/local/gcc-arm-none-eabi-5_2-2015q4/bin/../lib/gcc/arm-none-eabi/5.2.1/../../../../arm-none-eabi/lib/armv7-m/libg.a(lib_a-impure.o)
                              /usr/local/gcc-arm-none-eabi-5_2-2015q4/bin/../lib/gcc/arm-none-eabi/5.2.1/../../../../arm-none-eabi/lib/armv7-m/libg.a(lib_a-errno.o) (_impure_ptr)

Allocating common symbols
Common symbol       size              file

timer_delayCount    0x4               ./src/main.o
errno               0x4               ./system/src/newlib/_syscalls.o

Discarded input sections

 .group         0x00000000        0x8 ./system/src/newlib/_cxx.o
 .group         0x00000000        0x8 ./system/src/newlib/_cxx.o
 .group         0x00000000        0x8 ./system/src/newlib/_cxx.o
 .group         0x00000000        0x8 ./system/src/newlib/_cxx.o
 .group         0x00000000        0x8 ./system/src/newlib/_cxx.o
 .group         0x00000000        0x8 ./system/src/newlib/_cxx.o
 .group         0x00000000        0x8 ./system/src/newlib/_cxx.o
 .group         0x00000000        0x8 ./system/src/newlib/_cxx.o
 .group         0x00000000        0x8 ./system/src/newlib/_cxx.o
 .group         0x00000000        0x8 ./system/src/newlib/_cxx.o
 .group         0x00000000        0x8 ./system/src/newlib/_cxx.o
 .group         0x00000000        0x8 ./system/src/newlib/_cxx.o
 .group         0x00000000        0x8 ./system/src/newlib/_cxx.o
 .group         0x00000000        0x8 ./system/src/newlib/_cxx.o
 .group         0x00000000        0x8 ./system/src/newlib/_cxx.o
 .group         0x00000000        0x8 ./system/src/newlib/_cxx.o
 .group         0x00000000        0x8 ./system/src/newlib/_cxx.o
 .group         0x00000000        0x8 ./system/src/newlib/_cxx.o
 .group         0x00000000        0x8 ./system/src/newlib/_cxx.o
 .group         0x00000000        0x8 ./system/src/newlib/_cxx.o
 .group         0x00000000        0x8 ./system/src/newlib/_cxx.o
 .group         0x00000000        0x8 ./system/src/newlib/_cxx.o
 .group         0x00000000        0x8 ./system/src/newlib/_cxx.o
 .group         0x00000000        0x8 ./system/src/newlib/_cxx.o
 .group         0x00000000        0x8 ./system/src/newlib/_cxx.o
 .group         0x00000000        0x8 ./system/src/newlib/_cxx.o
 .group         0x00000000        0x8 ./system/src/newlib/_cxx.o
 .group         0x00000000        0x8 ./system/src/newlib/_cxx.o
 .group         0x00000000        0x8 ./system/src/newlib/_cxx.o
 .text          0x00000000        0x0 ./system/src/newlib/_cxx.o
 .data          0x00000000        0x0 ./system/src/newlib/_cxx.o
 .bss           0x00000000        0x0 ./system/src/newlib/_cxx.o
 .text._ZN9__gnu_cxx27__verbose_terminate_handlerEv
                0x00000000        0x8 ./system/src/newlib/_cxx.o
 .text.__cxa_pure_virtual
                0x00000000        0x8 ./system/src/newlib/_cxx.o
 .debug_info    0x00000000      0x59f ./system/src/newlib/_cxx.o
 .debug_abbrev  0x00000000      0x1d1 ./system/src/newlib/_cxx.o
 .debug_aranges
                0x00000000       0x28 ./system/src/newlib/_cxx.o
 .debug_ranges  0x00000000       0x18 ./system/src/newlib/_cxx.o
 .debug_macro   0x00000000      0x1a5 ./system/src/newlib/_cxx.o
 .debug_macro   0x00000000      0x916 ./system/src/newlib/_cxx.o
 .debug_macro   0x00000000      0x136 ./system/src/newlib/_cxx.o
 .debug_macro   0x00000000      0x353 ./system/src/newlib/_cxx.o
 .debug_macro   0x00000000       0x58 ./system/src/newlib/_cxx.o
 .debug_macro   0x00000000       0x22 ./system/src/newlib/_cxx.o
 .debug_macro   0x00000000       0x35 ./system/src/newlib/_cxx.o
 .debug_macro   0x00000000       0x9c ./system/src/newlib/_cxx.o
 .debug_macro   0x00000000       0x16 ./system/src/newlib/_cxx.o
 .debug_macro   0x00000000      0x10e ./system/src/newlib/_cxx.o
 .debug_macro   0x00000000       0x94 ./system/src/newlib/_cxx.o
 .debug_macro   0x00000000       0x4a ./system/src/newlib/_cxx.o
 .debug_macro   0x00000000       0x52 ./system/src/newlib/_cxx.o
 .debug_macro   0x00000000       0x16 ./system/src/newlib/_cxx.o
 .debug_macro   0x00000000       0x43 ./system/src/newlib/_cxx.o
 .debug_macro   0x00000000      0x187 ./system/src/newlib/_cxx.o
 .debug_macro   0x00000000      0x353 ./system/src/newlib/_cxx.o
 .debug_macro   0x00000000       0x16 ./system/src/newlib/_cxx.o
 .debug_macro   0x00000000       0x29 ./system/src/newlib/_cxx.o
 .debug_macro   0x00000000       0xac ./system/src/newlib/_cxx.o
 .debug_macro   0x00000000       0x10 ./system/src/newlib/_cxx.o
 .debug_macro   0x00000000       0x22 ./system/src/newlib/_cxx.o
 .debug_macro   0x00000000       0x22 ./system/src/newlib/_cxx.o
 .debug_macro   0x00000000       0x3a ./system/src/newlib/_cxx.o
 .debug_macro   0x00000000       0x10 ./system/src/newlib/_cxx.o
[...]
Memory Configuration

Name             Origin             Length             Attributes
RAM              0x20000000         0x00005000         xrw
CCMRAM           0x00000000         0x00000000         xrw
FLASH            0x08000000         0x00010000         xr
FLASHB1          0x00000000         0x00000000         xr
EXTMEMB0         0x00000000         0x00000000         xr
EXTMEMB1         0x00000000         0x00000000         xr
EXTMEMB2         0x00000000         0x00000000         xr
EXTMEMB3         0x00000000         0x00000000         xr
MEMORY_ARRAY     0x00000000         0x00000000         xrw
*default*        0x00000000         0xffffffff

Linker script and memory map

LOAD ./system/src/newlib/_cxx.o
LOAD ./system/src/newlib/_exit.o
LOAD ./system/src/newlib/_sbrk.o
LOAD ./system/src/newlib/_startup.o
LOAD ./system/src/newlib/_syscalls.o
LOAD ./system/src/newlib/assert.o
LOAD ./system/src/diag/Trace.o
LOAD ./system/src/diag/trace_impl.o
LOAD ./src/_initialize_hardware.o
LOAD ./src/_reset_hardware.o
LOAD ./src/_write.o
LOAD ./src/exception_handlers.o
LOAD ./src/main.o
LOAD ./src/misc.o
LOAD ./src/stm32f10x_exti.o
LOAD ./src/stm32f10x_gpio.o
LOAD ./src/stm32f10x_rcc.o
LOAD ./src/stm32f10x_sdio.o
LOAD ./src/stm32f10x_tim.o
LOAD ./src/stm32f10x_usart.o
LOAD ./src/system_stm32f10x.o
LOAD ./src/vectors_stm32f10x.o
LOAD /usr/local/gcc-arm-none-eabi-5_2-2015q4/bin/../lib/gcc/arm-none-eabi/5.2.1/../../../../arm-none-eabi/lib/armv7-m/libstdc++.a
LOAD /usr/local/gcc-arm-none-eabi-5_2-2015q4/bin/../lib/gcc/arm-none-eabi/5.2.1/../../../../arm-none-eabi/lib/armv7-m/libm.a
START GROUP
LOAD /usr/local/gcc-arm-none-eabi-5_2-2015q4/bin/../lib/gcc/arm-none-eabi/5.2.1/armv7-m/libgcc.a
LOAD /usr/local/gcc-arm-none-eabi-5_2-2015q4/bin/../lib/gcc/arm-none-eabi/5.2.1/../../../../arm-none-eabi/lib/armv7-m/libg.a
LOAD /usr/local/gcc-arm-none-eabi-5_2-2015q4/bin/../lib/gcc/arm-none-eabi/5.2.1/../../../../arm-none-eabi/lib/armv7-m/libc.a
END GROUP
                0x20005000                __stack = (ORIGIN (RAM) + LENGTH (RAM))
                0x20005000                _estack = __stack
                0x00000400                __Main_Stack_Size = 0x400
                [!provide]                PROVIDE (_Main_Stack_Size, __Main_Stack_Size)
                0x20004c00                __Main_Stack_Limit = (__stack - __Main_Stack_Size)
                [!provide]                PROVIDE (_Main_Stack_Limit, __Main_Stack_Limit)
                0x00000100                _Minimum_Stack_Size = 0x100
                0x20000034                PROVIDE (_Heap_Begin, _end_noinit)
                0x20004c00                PROVIDE (_Heap_Limit, (__stack - __Main_Stack_Size))

.isr_vector     0x08000000      0x298
 FILL mask 0xff
                0x08000000                __vectors_start = ABSOLUTE (.)
                0x08000000                __vectors_start__ = ABSOLUTE (.)
 *(.isr_vector)
 .isr_vector    0x08000000      0x10c ./src/vectors_stm32f10x.o
                0x08000000                __isr_vectors
 *(.cfmconfig)
 *(.after_vectors .after_vectors.*)
 .after_vectors
                0x0800010c      0x114 ./system/src/newlib/_startup.o
                0x0800010c                _start
 .after_vectors
                0x08000220       0x74 ./src/exception_handlers.o
                0x08000220                Reset_Handler
                0x08000228                NMI_Handler
                0x0800022c                HardFault_Handler
                0x08000240                HardFault_Handler_C
                0x08000244                MemManage_Handler
                0x08000248                BusFault_Handler
                0x0800025c                BusFault_Handler_C
                0x08000260                UsageFault_Handler
                0x08000274                UsageFault_Handler_C
                0x08000278                SVC_Handler
                0x0800027c                DebugMon_Handler
                0x08000280                PendSV_Handler
 .after_vectors
                0x08000294        0x4 ./src/vectors_stm32f10x.o
                0x08000294                EXTI2_IRQHandler
                0x08000294                TIM8_TRG_COM_IRQHandler
                0x08000294                TIM8_CC_IRQHandler
                0x08000294                TIM1_CC_IRQHandler
                0x08000294                TIM6_IRQHandler
                0x08000294                PVD_IRQHandler
                0x08000294                SDIO_IRQHandler
                0x08000294                CAN2_RX1_IRQHandler
                0x08000294                EXTI3_IRQHandler
                0x08000294                TIM8_TRG_COM_TIM14_IRQHandler
                0x08000294                TIM1_UP_TIM10_IRQHandler
                0x08000294                TIM8_UP_TIM13_IRQHandler
                0x08000294                EXTI0_IRQHandler
                0x08000294                I2C2_EV_IRQHandler
                0x08000294                CAN1_RX0_IRQHandler
                0x08000294                TIM1_UP_TIM16_IRQHandler
                0x08000294                CAN2_SCE_IRQHandler
                0x08000294                ADC1_2_IRQHandler
                0x08000294                SPI1_IRQHandler
                0x08000294                TAMPER_IRQHandler
                0x08000294                TIM6_DAC_IRQHandler
                0x08000294                TIM1_BRK_TIM9_IRQHandler
                0x08000294                CAN2_RX0_IRQHandler
                0x08000294                TIM8_UP_IRQHandler
                0x08000294                DMA2_Channel2_IRQHandler
                0x08000294                DMA1_Channel4_IRQHandler
                0x08000294                USART3_IRQHandler
                0x08000294                RTC_IRQHandler
                0x08000294                DMA1_Channel7_IRQHandler
                0x08000294                CAN1_RX1_IRQHandler
                0x08000294                UART5_IRQHandler
                0x08000294                ADC3_IRQHandler
                0x08000294                TIM4_IRQHandler
                0x08000294                DMA2_Channel1_IRQHandler
                0x08000294                I2C1_EV_IRQHandler
                0x08000294                DMA1_Channel6_IRQHandler
                0x08000294                UART4_IRQHandler
                0x08000294                DMA2_Channel4_IRQHandler
                0x08000294                TIM3_IRQHandler
                0x08000294                RCC_IRQHandler
                0x08000294                TIM8_BRK_TIM12_IRQHandler
                0x08000294                TIM1_TRG_COM_IRQHandler
                0x08000294                DMA1_Channel1_IRQHandler
                0x08000294                Default_Handler
                0x08000294                CEC_IRQHandler
                0x08000294                EXTI15_10_IRQHandler
                0x08000294                TIM14_IRQHandler
                0x08000294                TIM13_IRQHandler
                0x08000294                TIM12_IRQHandler
                0x08000294                TIM7_IRQHandler
                0x08000294                CAN2_TX_IRQHandler
                0x08000294                TIM5_IRQHandler
                0x08000294                EXTI9_5_IRQHandler
                0x08000294                ETH_WKUP_IRQHandler
                0x08000294                SPI2_IRQHandler
                0x08000294                CAN1_TX_IRQHandler
                0x08000294                DMA2_Channel5_IRQHandler
                0x08000294                DMA1_Channel5_IRQHandler
                0x08000294                EXTI4_IRQHandler
                0x08000294                USB_LP_CAN1_RX0_IRQHandler
                0x08000294                TIM1_TRG_COM_TIM17_IRQHandler
                0x08000294                USB_HP_CAN1_TX_IRQHandler
                0x08000294                DMA1_Channel3_IRQHandler
                0x08000294                FSMC_IRQHandler
                0x08000294                ETH_IRQHandler
                0x08000294                TIM1_UP_IRQHandler
                0x08000294                WWDG_IRQHandler
                0x08000294                TIM2_IRQHandler
                0x08000294                OTG_FS_WKUP_IRQHandler
                0x08000294                TIM1_TRG_COM_TIM11_IRQHandler
                0x08000294                TIM1_BRK_IRQHandler
                0x08000294                EXTI1_IRQHandler
                0x08000294                RTCAlarm_IRQHandler
                0x08000294                DMA2_Channel4_5_IRQHandler
                0x08000294                USART2_IRQHandler
                0x08000294                I2C2_ER_IRQHandler
                0x08000294                DMA1_Channel2_IRQHandler
                0x08000294                TIM8_BRK_IRQHandler
                0x08000294                CAN1_SCE_IRQHandler
                0x08000294                FLASH_IRQHandler
                0x08000294                USART1_IRQHandler
                0x08000294                OTG_FS_IRQHandler
                0x08000294                SPI3_IRQHandler
                0x08000294                I2C1_ER_IRQHandler
                0x08000294                USBWakeUp_IRQHandler
                0x08000294                DMA2_Channel3_IRQHandler
                0x08000294                TIM1_BRK_TIM15_IRQHandler

.inits          0x08000298       0x28
                0x08000298                __data_regions_array_start = .
                0x08000298        0x4 LONG 0x8000800 LOADADDR (.data)
                0x0800029c        0x4 LONG 0x20000000 ADDR (.data)
                0x080002a0        0x4 LONG 0x20000024 (ADDR (.data) + SIZEOF (.data))
                0x080002a4        0x4 LONG 0x8000800 LOADADDR (.data_CCMRAM)
                0x080002a8        0x4 LONG 0x0 ADDR (.data_CCMRAM)
                0x080002ac        0x4 LONG 0x0 (ADDR (.data_CCMRAM) + SIZEOF (.data_CCMRAM))
                0x080002b0                __data_regions_array_end = .
                0x080002b0                __bss_regions_array_start = .
                0x080002b0        0x4 LONG 0x20000024 ADDR (.bss)
                0x080002b4        0x4 LONG 0x20000034 (ADDR (.bss) + SIZEOF (.bss))
                0x080002b8        0x4 LONG 0x0 ADDR (.bss_CCMRAM)
                0x080002bc        0x4 LONG 0x0 (ADDR (.bss_CCMRAM) + SIZEOF (.bss_CCMRAM))
                0x080002c0                __bss_regions_array_end = .
 *(.init)
 *(.fini)
                0x080002c0                . = ALIGN (0x4)
                0x080002c0                PROVIDE (__preinit_array_start, .)
 *(.preinit_array_sysinit .preinit_array_sysinit.*)
 *(.preinit_array_platform .preinit_array_platform.*)
 *(.preinit_array .preinit_array.*)
                0x080002c0                PROVIDE (__preinit_array_end, .)
                0x080002c0                . = ALIGN (0x4)
                0x080002c0                PROVIDE (__init_array_start, .)
 *(SORT(.init_array.*))
 *(.init_array)
                0x080002c0                PROVIDE (__init_array_end, .)
                0x080002c0                . = ALIGN (0x4)
                0x080002c0                PROVIDE (__fini_array_start, .)
 *(SORT(.fini_array.*))
 *(.fini_array)
                0x080002c0                PROVIDE (__fini_array_end, .)

.flashtext
 *(.flashtext .flashtext.*)

.text           0x080002c0      0x540
 *(.text .text.*)
 .text._exit    0x080002c0        0x4 ./system/src/newlib/_exit.o
                0x080002c0                _exit
 .text.abort    0x080002c4        0x8 ./system/src/newlib/_exit.o
                0x080002c4                abort
 .text.__initialize_args
                0x080002cc       0x10 ./system/src/newlib/_syscalls.o
                0x080002cc                __initialize_args
 .text.assert_failed
                0x080002dc        0x8 ./system/src/newlib/assert.o
                0x080002dc                assert_failed
 .text.__initialize_hardware_early
                0x080002e4       0x18 ./src/_initialize_hardware.o
                0x080002e4                __initialize_hardware_early
 .text.__initialize_hardware
                0x080002fc        0x8 ./src/_initialize_hardware.o
                0x080002fc                __initialize_hardware
 .text.blink_led_init
                0x08000304       0x3c ./src/main.o
                0x08000304                blink_led_init
 .text.timer_start
                0x08000340       0x3c ./src/main.o
                0x08000340                timer_start
 .text.timer_sleep
                0x0800037c       0x14 ./src/main.o
                0x0800037c                timer_sleep
 .text.main     0x08000390       0x40 ./src/main.o
                0x08000390                main
 .text.timer_tick
                0x080003d0       0x14 ./src/main.o
                0x080003d0                timer_tick
 .text.SysTick_Handler
                0x080003e4        0x8 ./src/main.o
                0x080003e4                SysTick_Handler
 .text.GPIO_Init
                0x080003ec      0x128 ./src/stm32f10x_gpio.o
                0x080003ec                GPIO_Init
 .text.GPIO_SetBits
                0x08000514       0x60 ./src/stm32f10x_gpio.o
                0x08000514                GPIO_SetBits
 .text.GPIO_ResetBits
                0x08000574       0x60 ./src/stm32f10x_gpio.o
                0x08000574                GPIO_ResetBits
 .text.RCC_APB2PeriphClockCmd
                0x080005d4       0x4c ./src/stm32f10x_rcc.o
                0x080005d4                RCC_APB2PeriphClockCmd
 .text.SetSysClockTo72
                0x08000620       0xc4 ./src/system_stm32f10x.o
 .text.SetSysClock
                0x080006e4        0x8 ./src/system_stm32f10x.o
 .text.SystemInit
                0x080006ec       0x50 ./src/system_stm32f10x.o
                0x080006ec                SystemInit
 .text.SystemCoreClockUpdate
                0x0800073c       0x94 ./src/system_stm32f10x.o
                0x0800073c                SystemCoreClockUpdate
 *(.rodata .rodata.* .constdata .constdata.*)
 .rodata.str1.4
                0x080007d0       0x18 ./src/stm32f10x_gpio.o
 .rodata.str1.4
                0x080007e8       0x18 ./src/stm32f10x_rcc.o
                                 0x17 (size before relaxing)
 *(vtable)
 *(.eh_frame*)
 *(.glue_7)
 .glue_7        0x08000800        0x0 linker stubs
 *(.glue_7t)
 .glue_7t       0x08000800        0x0 linker stubs

.vfp11_veneer   0x08000800        0x0
 .vfp11_veneer  0x08000800        0x0 linker stubs

.v4_bx          0x08000800        0x0
 .v4_bx         0x08000800        0x0 linker stubs

.iplt           0x08000800        0x0
 .iplt          0x08000800        0x0 ./system/src/newlib/_cxx.o

.rel.dyn        0x08000800        0x0
 .rel.iplt      0x08000800        0x0 ./system/src/newlib/_cxx.o

.ARM.extab
 *(.ARM.extab* .gnu.linkonce.armextab.*)
                0x08000800                . = ALIGN (0x4)
                0x08000800                __exidx_start = .

.ARM.exidx
 *(.ARM.exidx* .gnu.linkonce.armexidx.*)
                0x08000800                __exidx_end = .
                0x08000800                . = ALIGN (0x4)
                0x08000800                _etext = .
                0x08000800                __etext = .

.data_CCMRAM    0x00000000        0x0 load address 0x08000800
 FILL mask 0xff
 *(.data.CCMRAM .data.CCMRAM.*)
                0x00000000                . = ALIGN (0x4)
                0x08000800                _sidata = LOADADDR (.data)

.data           0x20000000       0x24 load address 0x08000800
 FILL mask 0xff
                0x20000000                _sdata = .
                0x20000000                __data_start__ = .
 *(.data_begin .data_begin.*)
 .data_begin    0x20000000        0x4 ./system/src/newlib/_startup.o
 *(.data .data.*)
 .data.argv.4231
                0x20000004        0x8 ./system/src/newlib/_syscalls.o
 .data.AHBPrescTable
                0x2000000c       0x10 ./src/system_stm32f10x.o
                0x2000000c                AHBPrescTable
 .data.SystemCoreClock
                0x2000001c        0x4 ./src/system_stm32f10x.o
                0x2000001c                SystemCoreClock
 *(.data_end .data_end.*)
 .data_end      0x20000020        0x4 ./system/src/newlib/_startup.o
                0x20000024                . = ALIGN (0x4)
                0x20000024                _edata = .
                0x20000024                __data_end__ = .

.igot.plt       0x20000024        0x0 load address 0x08000824
 .igot.plt      0x20000024        0x0 ./system/src/newlib/_cxx.o

.bss_CCMRAM     0x00000000        0x0
 *(.bss.CCMRAM .bss.CCMRAM.*)

.bss            0x20000024       0x10
                0x20000024                __bss_start__ = .
                0x20000024                _sbss = .
 *(.bss_begin .bss_begin.*)
 .bss_begin     0x20000024        0x4 ./system/src/newlib/_startup.o
 *(.bss .bss.*)
 .bss.name.4230
                0x20000028        0x1 ./system/src/newlib/_syscalls.o
 *(COMMON)
 *fill*         0x20000029        0x3 
 COMMON         0x2000002c        0x4 ./src/main.o
                0x2000002c                timer_delayCount
 *(.bss_end .bss_end.*)
 .bss_end       0x20000030        0x4 ./system/src/newlib/_startup.o
                0x20000034                . = ALIGN (0x4)
                0x20000034                __bss_end__ = .
                0x20000034                _ebss = .

.noinit_CCMRAM
 *(.noinit.CCMRAM .noinit.CCMRAM.*)

.noinit         0x20000034        0x0
                0x20000034                _noinit = .
 *(.noinit .noinit.*)
                0x20000034                . = ALIGN (0x4)
                0x20000034                _end_noinit = .
                [!provide]                PROVIDE (end, _end_noinit)
                [!provide]                PROVIDE (_end, _end_noinit)
                [!provide]                PROVIDE (__end, _end_noinit)
                [!provide]                PROVIDE (__end__, _end_noinit)

._check_stack   0x20000034      0x100
                0x20000134                . = (. + _Minimum_Stack_Size)
 *fill*         0x20000034      0x100 

.b1text
 *(.b1text)
 *(.b1rodata)
 *(.b1rodata.*)

.eb0text
 *(.eb0text)
 *(.eb0rodata)
 *(.eb0rodata.*)

.eb1text
 *(.eb1text)
 *(.eb1rodata)
 *(.eb1rodata.*)

.eb2text
 *(.eb2text)
 *(.eb2rodata)
 *(.eb2rodata.*)

.eb3text
 *(.eb3text)
 *(.eb3rodata)
 *(.eb3rodata.*)

.stab
 *(.stab)

.stabstr
 *(.stabstr)

.stab.excl
 *(.stab.excl)

.stab.exclstr
 *(.stab.exclstr)

.stab.index
 *(.stab.index)

.stab.indexstr
 *(.stab.indexstr)

.comment        0x00000000       0x6e
 *(.comment)
 .comment       0x00000000       0x6e ./system/src/newlib/_exit.o
                                 0x6f (size before relaxing)
 .comment       0x0000006e       0x6f ./system/src/newlib/_startup.o
 .comment       0x0000006e       0x6f ./system/src/newlib/_syscalls.o
 .comment       0x0000006e       0x6f ./system/src/newlib/assert.o
 .comment       0x0000006e       0x6f ./src/_initialize_hardware.o
 .comment       0x0000006e       0x6f ./src/exception_handlers.o
 .comment       0x0000006e       0x6f ./src/main.o
 .comment       0x0000006e       0x6f ./src/stm32f10x_gpio.o
 .comment       0x0000006e       0x6f ./src/stm32f10x_rcc.o
 .comment       0x0000006e       0x6f ./src/system_stm32f10x.o
 .comment       0x0000006e       0x6f ./src/vectors_stm32f10x.o

.ARM.attributes
                0x00000000       0x33
 .ARM.attributes
                0x00000000       0x33 ./system/src/newlib/_exit.o
 .ARM.attributes
                0x00000033       0x33 ./system/src/newlib/_startup.o
 .ARM.attributes
                0x00000066       0x33 ./system/src/newlib/_syscalls.o
 .ARM.attributes
                0x00000099       0x33 ./system/src/newlib/assert.o
 .ARM.attributes
                0x000000cc       0x33 ./src/_initialize_hardware.o
 .ARM.attributes
                0x000000ff       0x33 ./src/exception_handlers.o
 .ARM.attributes
                0x00000132       0x33 ./src/main.o
 .ARM.attributes
                0x00000165       0x33 ./src/stm32f10x_gpio.o
 .ARM.attributes
                0x00000198       0x33 ./src/stm32f10x_rcc.o
 .ARM.attributes
                0x000001cb       0x33 ./src/system_stm32f10x.o
 .ARM.attributes
                0x000001fe       0x33 ./src/vectors_stm32f10x.o

.debug
 *(.debug)

.line
 *(.line)

.debug_srcinfo
 *(.debug_srcinfo)

.debug_sfnames
 *(.debug_sfnames)

.debug_aranges  0x00000000      0x3c8
 *(.debug_aranges)
 .debug_aranges
                0x00000000       0x28 ./system/src/newlib/_exit.o
 .debug_aranges
                0x00000028       0x40 ./system/src/newlib/_startup.o
 .debug_aranges
                0x00000068       0x30 ./system/src/newlib/_syscalls.o
 .debug_aranges
                0x00000098       0x28 ./system/src/newlib/assert.o
 .debug_aranges
                0x000000c0       0x28 ./src/_initialize_hardware.o
 .debug_aranges
                0x000000e8       0x80 ./src/exception_handlers.o
 .debug_aranges
                0x00000168       0x48 ./src/main.o
 .debug_aranges
                0x000001b0       0xa8 ./src/stm32f10x_gpio.o
 .debug_aranges
                0x00000258      0x118 ./src/stm32f10x_rcc.o
 .debug_aranges
                0x00000370       0x38 ./src/system_stm32f10x.o
 .debug_aranges
                0x000003a8       0x20 ./src/vectors_stm32f10x.o

.debug_pubnames
 *(.debug_pubnames)

.debug_info     0x00000000     0x340a
 *(.debug_info .gnu.linkonce.wi.*)
 .debug_info    0x00000000       0xee ./system/src/newlib/_exit.o
 .debug_info    0x000000ee      0x454 ./system/src/newlib/_startup.o
 .debug_info    0x00000542      0x1bc ./system/src/newlib/_syscalls.o
 .debug_info    0x000006fe      0x16c ./system/src/newlib/assert.o
 .debug_info    0x0000086a      0x29c ./src/_initialize_hardware.o
 .debug_info    0x00000b06      0x28c ./src/exception_handlers.o
 .debug_info    0x00000d92      0x8fe ./src/main.o
 .debug_info    0x00001690      0xbcb ./src/stm32f10x_gpio.o
 .debug_info    0x0000225b      0xc66 ./src/stm32f10x_rcc.o
 .debug_info    0x00002ec1      0x478 ./src/system_stm32f10x.o
 .debug_info    0x00003339       0xd1 ./src/vectors_stm32f10x.o

.debug_abbrev   0x00000000      0xecc
 *(.debug_abbrev)
 .debug_abbrev  0x00000000       0xbd ./system/src/newlib/_exit.o
 .debug_abbrev  0x000000bd      0x1ac ./system/src/newlib/_startup.o
 .debug_abbrev  0x00000269       0xec ./system/src/newlib/_syscalls.o
 .debug_abbrev  0x00000355       0xb9 ./system/src/newlib/assert.o
 .debug_abbrev  0x0000040e       0xea ./src/_initialize_hardware.o
 .debug_abbrev  0x000004f8      0x118 ./src/exception_handlers.o
 .debug_abbrev  0x00000610      0x2da ./src/main.o
 .debug_abbrev  0x000008ea      0x1f4 ./src/stm32f10x_gpio.o
 .debug_abbrev  0x00000ade      0x1f8 ./src/stm32f10x_rcc.o
 .debug_abbrev  0x00000cd6      0x159 ./src/system_stm32f10x.o
 .debug_abbrev  0x00000e2f       0x9d ./src/vectors_stm32f10x.o

.debug_line     0x00000000     0x2805
 *(.debug_line)
 .debug_line    0x00000000      0x2bd ./system/src/newlib/_exit.o
 .debug_line    0x000002bd      0x332 ./system/src/newlib/_startup.o
 .debug_line    0x000005ef      0x36e ./system/src/newlib/_syscalls.o
 .debug_line    0x0000095d      0x2e6 ./system/src/newlib/assert.o
 .debug_line    0x00000c43      0x1df ./src/_initialize_hardware.o
 .debug_line    0x00000e22      0x42a ./src/exception_handlers.o
 .debug_line    0x0000124c      0x4bc ./src/main.o
 .debug_line    0x00001708      0x74e ./src/stm32f10x_gpio.o
 .debug_line    0x00001e56      0x698 ./src/stm32f10x_rcc.o
 .debug_line    0x000024ee      0x241 ./src/system_stm32f10x.o
 .debug_line    0x0000272f       0xd6 ./src/vectors_stm32f10x.o

.debug_frame    0x00000000      0x888
 *(.debug_frame)
 .debug_frame   0x00000000       0x38 ./system/src/newlib/_exit.o
 .debug_frame   0x00000038       0x7c ./system/src/newlib/_startup.o
 .debug_frame   0x000000b4       0x50 ./system/src/newlib/_syscalls.o
 .debug_frame   0x00000104       0x40 ./system/src/newlib/assert.o
 .debug_frame   0x00000144       0x40 ./src/_initialize_hardware.o
 .debug_frame   0x00000184       0xe8 ./src/exception_handlers.o
 .debug_frame   0x0000026c       0x90 ./src/main.o
 .debug_frame   0x000002fc      0x1e8 ./src/stm32f10x_gpio.o
 .debug_frame   0x000004e4      0x31c ./src/stm32f10x_rcc.o
 .debug_frame   0x00000800       0x68 ./src/system_stm32f10x.o
 .debug_frame   0x00000868       0x20 ./src/vectors_stm32f10x.o

.debug_str      0x00000000    0x465b3
 *(.debug_str)
 .debug_str     0x00000000     0x682a ./system/src/newlib/_exit.o
                               0x6994 (size before relaxing)
 .debug_str     0x0000682a      0xbc5 ./system/src/newlib/_startup.o
                               0x5940 (size before relaxing)
 .debug_str     0x000073ef     0x1275 ./system/src/newlib/_syscalls.o
                               0x6bed (size before relaxing)
 .debug_str     0x00008664       0xf4 ./system/src/newlib/assert.o
                               0x74a4 (size before relaxing)
 .debug_str     0x00008758    0x3bd1a ./src/_initialize_hardware.o
                              0x3ecf3 (size before relaxing)
 .debug_str     0x00044472      0x1bf ./src/exception_handlers.o
                              0x430fb (size before relaxing)
 .debug_str     0x00044631      0xef5 ./src/main.o
                              0x43fd7 (size before relaxing)
 .debug_str     0x00045526      0x49a ./src/stm32f10x_gpio.o
                              0x3f1ff (size before relaxing)
 .debug_str     0x000459c0      0xb20 ./src/stm32f10x_rcc.o
                              0x3f7ce (size before relaxing)
 .debug_str     0x000464e0       0x89 ./src/system_stm32f10x.o
                              0x3ed9f (size before relaxing)
 .debug_str     0x00046569       0x4a ./src/vectors_stm32f10x.o
                               0x301e (size before relaxing)

.debug_loc      0x00000000     0x15bc
 *(.debug_loc)
 .debug_loc     0x00000000      0x265 ./system/src/newlib/_startup.o
 .debug_loc     0x00000265       0x63 ./system/src/newlib/_syscalls.o
 .debug_loc     0x000002c8       0xc6 ./system/src/newlib/assert.o
 .debug_loc     0x0000038e       0xba ./src/main.o
 .debug_loc     0x00000448      0x776 ./src/stm32f10x_gpio.o
 .debug_loc     0x00000bbe      0x91f ./src/stm32f10x_rcc.o
 .debug_loc     0x000014dd       0xdf ./src/system_stm32f10x.o

.debug_macinfo
 *(.debug_macinfo)

.debug_weaknames
 *(.debug_weaknames)

.debug_funcnames
 *(.debug_funcnames)

.debug_typenames
 *(.debug_typenames)

.debug_varnames
 *(.debug_varnames)
OUTPUT(stm32f103_basic_blink.elf elf32-littlearm)

.debug_ranges   0x00000000      0x330
 .debug_ranges  0x00000000       0x18 ./system/src/newlib/_exit.o
 .debug_ranges  0x00000018       0x48 ./system/src/newlib/_startup.o
 .debug_ranges  0x00000060       0x20 ./system/src/newlib/_syscalls.o
 .debug_ranges  0x00000080       0x18 ./system/src/newlib/assert.o
 .debug_ranges  0x00000098       0x18 ./src/_initialize_hardware.o
 .debug_ranges  0x000000b0       0x70 ./src/exception_handlers.o
 .debug_ranges  0x00000120       0x38 ./src/main.o
 .debug_ranges  0x00000158       0x98 ./src/stm32f10x_gpio.o
 .debug_ranges  0x000001f0      0x108 ./src/stm32f10x_rcc.o
 .debug_ranges  0x000002f8       0x28 ./src/system_stm32f10x.o
 .debug_ranges  0x00000320       0x10 ./src/vectors_stm32f10x.o

.debug_macro    0x00000000     0xce51
 .debug_macro   0x00000000      0x172 ./system/src/newlib/_exit.o
 .debug_macro   0x00000172      0x880 ./system/src/newlib/_exit.o
 .debug_macro   0x000009f2       0x9c ./system/src/newlib/_exit.o
 .debug_macro   0x00000a8e      0x10e ./system/src/newlib/_exit.o
 .debug_macro   0x00000b9c       0x8d ./system/src/newlib/_exit.o
 .debug_macro   0x00000c29       0x43 ./system/src/newlib/_exit.o
 .debug_macro   0x00000c6c      0x329 ./system/src/newlib/_exit.o
 .debug_macro   0x00000f95       0x35 ./system/src/newlib/_exit.o
 .debug_macro   0x00000fca      0x138 ./system/src/newlib/_startup.o
 .debug_macro   0x00001102      0x34e ./system/src/newlib/_startup.o
 .debug_macro   0x00001450      0x1c6 ./system/src/newlib/_syscalls.o
 .debug_macro   0x00001616       0x1c ./system/src/newlib/_syscalls.o
 .debug_macro   0x00001632       0x10 ./system/src/newlib/_syscalls.o
 .debug_macro   0x00001642       0x10 ./system/src/newlib/_syscalls.o
 .debug_macro   0x00001652       0x10 ./system/src/newlib/_syscalls.o
 .debug_macro   0x00001662       0x35 ./system/src/newlib/_syscalls.o
 .debug_macro   0x00001697      0x122 ./system/src/newlib/_syscalls.o
 .debug_macro   0x000017b9       0x88 ./system/src/newlib/_syscalls.o
 .debug_macro   0x00001841       0x2b ./system/src/newlib/_syscalls.o
 .debug_macro   0x0000186c      0x118 ./system/src/newlib/_syscalls.o
 .debug_macro   0x00001984      0x159 ./system/src/newlib/_syscalls.o
 .debug_macro   0x00001add       0x16 ./system/src/newlib/_syscalls.o
 .debug_macro   0x00001af3      0x18e ./system/src/newlib/assert.o
 .debug_macro   0x00001c81       0x1c ./system/src/newlib/assert.o
 .debug_macro   0x00001c9d       0xda ./src/_initialize_hardware.o
 .debug_macro   0x00001d77       0x50 ./src/_initialize_hardware.o
 .debug_macro   0x00001dc7       0x35 ./src/_initialize_hardware.o
 .debug_macro   0x00001dfc       0x34 ./src/_initialize_hardware.o
 .debug_macro   0x00001e30      0xb8e ./src/_initialize_hardware.o
 .debug_macro   0x000029be     0x7d78 ./src/_initialize_hardware.o
 .debug_macro   0x0000a736       0x97 ./src/_initialize_hardware.o
 .debug_macro   0x0000a7cd      0x2ac ./src/_initialize_hardware.o
 .debug_macro   0x0000aa79      0x3e2 ./src/_initialize_hardware.o
 .debug_macro   0x0000ae5b      0x344 ./src/_initialize_hardware.o
 .debug_macro   0x0000b19f      0x711 ./src/_initialize_hardware.o
 .debug_macro   0x0000b8b0      0x222 ./src/_initialize_hardware.o
 .debug_macro   0x0000bad2       0x8b ./src/_initialize_hardware.o
 .debug_macro   0x0000bb5d       0x35 ./src/_initialize_hardware.o
 .debug_macro   0x0000bb92      0x244 ./src/exception_handlers.o
 .debug_macro   0x0000bdd6       0x3b ./src/exception_handlers.o
 .debug_macro   0x0000be11       0x22 ./src/exception_handlers.o
 .debug_macro   0x0000be33       0x10 ./src/exception_handlers.o
 .debug_macro   0x0000be43       0xcf ./src/exception_handlers.o
 .debug_macro   0x0000bf12       0x19 ./src/exception_handlers.o
 .debug_macro   0x0000bf2b       0xbe ./src/exception_handlers.o
 .debug_macro   0x0000bfe9       0x10 ./src/exception_handlers.o
 .debug_macro   0x0000bff9      0x2a4 ./src/main.o
 .debug_macro   0x0000c29d       0x16 ./src/main.o
 .debug_macro   0x0000c2b3       0x97 ./src/main.o
 .debug_macro   0x0000c34a       0xfd ./src/main.o
 .debug_macro   0x0000c447       0x10 ./src/main.o
 .debug_macro   0x0000c457       0x16 ./src/main.o
 .debug_macro   0x0000c46d      0x197 ./src/main.o
 .debug_macro   0x0000c604       0x2e ./src/main.o
 .debug_macro   0x0000c632       0x10 ./src/main.o
 .debug_macro   0x0000c642      0x12c ./src/stm32f10x_gpio.o
 .debug_macro   0x0000c76e      0x1f6 ./src/stm32f10x_rcc.o
 .debug_macro   0x0000c964      0x3dc ./src/stm32f10x_rcc.o
 .debug_macro   0x0000cd40       0xdd ./src/system_stm32f10x.o
 .debug_macro   0x0000ce1d       0x34 ./src/vectors_stm32f10x.o
